// Jest Snapshot v1, https://goo.gl/fbAQLP

exports[`userDetails component tests snapshot tests should render correctly 1`] = `
<div
  className="UserDetailsContainer-twitter-alike-social-media__sc-1pkktdh-0 bgWWjD"
  data-testid="UserDetails"
  id="user123"
>
  <div
    className="UserDetailsHeader-twitter-alike-social-media__sc-1pkktdh-1 cGJMWX"
  >
    <div
      className="AvatarContainer-twitter-alike-social-media__sc-ne4tqs-0 dTAqum"
      data-testid="Avatar"
      onClick={[Function]}
      size="LG"
    >
      <img
        alt="Victor Reis's avatar photo."
        className="AvatarImage-twitter-alike-social-media__sc-ne4tqs-1 dSKfnQ"
        data-testid="Avatar_image"
        onError={[Function]}
        size="LG"
        src="https://i.pravatar.cc/300"
        title="Victor Reis's avatar photo."
      />
    </div>
    <div
      className="UserDetailsHeaderContent-twitter-alike-social-media__sc-1pkktdh-2 dNpFeu"
    >
      <span
        className="TypographyContainer-twitter-alike-social-media__sc-1rk4wyq-0 dIaJqP"
        data-testid="Typography"
      >
        999
         Posts
      </span>
    </div>
  </div>
  <div
    className="UserDetailsContent-twitter-alike-social-media__sc-1pkktdh-3 frNMYe"
  >
    <h4
      className="TypographyContainer-twitter-alike-social-media__sc-1rk4wyq-0 dBHhJY"
      data-testid="Typography"
    >
      Victor Reis
    </h4>
    <span
      className="TypographyContainer-twitter-alike-social-media__sc-1rk4wyq-0 dIaJqP"
      data-testid="Typography"
    >
      @
      victor.reis
    </span>
    <span
      className="TypographyContainer-twitter-alike-social-media__sc-1rk4wyq-0 dIaJqP"
      data-testid="Typography"
    >
      Joined 
      January 1, 2011
    </span>
    <br />
    <span
      className="TypographyContainer-twitter-alike-social-media__sc-1rk4wyq-0 llowaZ"
      data-testid="Typography"
    >
      333
       following
    </span>
    <span
      className="TypographyContainer-twitter-alike-social-media__sc-1rk4wyq-0 llowaZ"
      data-testid="Typography"
    >
      777
       followers
    </span>
  </div>
</div>
`;
