// Jest Snapshot v1, https://goo.gl/fbAQLP

exports[`closeButton component tests snapshot tests should render correctly 1`] = `
<button
  className="CloseButtonContainer-twitter-alike-social-media__sc-1gjf1sx-1 fzoSSR"
  data-testid="CloseButton"
  onClick={[MockFunction]}
>
  <svg
    color="#e8e8ee"
    fill="currentColor"
    height="1.67rem"
    onClick={[MockFunction]}
    stroke="currentColor"
    strokeWidth="0"
    style={
      Object {
        "color": "#e8e8ee",
      }
    }
    viewBox="0 0 24 24"
    width="1.67rem"
    xmlns="http://www.w3.org/2000/svg"
  >
    <path
      d="M0 0h24v24H0V0z"
      fill="none"
    />
    <path
      d="M19 6.41L17.59 5 12 10.59 6.41 5 5 6.41 10.59 12 5 17.59 6.41 19 12 13.41 17.59 19 19 17.59 13.41 12 19 6.41z"
    />
  </svg>
  <div
    className="TransparentContainer-twitter-alike-social-media__sc-1gjf1sx-0 eysuIy"
  />
</button>
`;
